// Jest Snapshot v1, https://goo.gl/fbAQLP

exports[`Modal should render 1`] = `
Array [
  <div
    className="fixed w-full h-full bg-white o-70 z-9 top-0 left-0"
  />,
  <div
    className="fixed w-full h-full flex items-center justify-center z-10 top-0 left-0"
  >
    <div
      className="max-w-lg rounded-lg border border-neutral-200 bg-white w-full p-6 shadow-sm"
    >
      <div
        className="flex items-center justify-between mb-3 select-none"
      >
        <div
          className="flex items-center text-lg font-bold text-neutral-900"
        >
          <span />
        </div>
        <div
          className="flex group"
          onClick={null}
        >
          <div
            className="flex text-2xl text-neutral-500 group-hover:text-neutral-900 cursor-pointer"
          >
            CLOSE_ICON
          </div>
        </div>
      </div>
      Content
    </div>
  </div>,
]
`;
